%!Adobe-FontList 1.22
%Locale:0x412

%BeginFont
Handler:DirectoryHandler
FontType:Invalid
OutlineFileName:E:\학생파일\___최유준\최유준-개인포폴\guidelive\Font\.DS_Store
FileModTime:1632496970
%EndFont

%BeginFont
Handler:DirectoryHandler
FontType:Invalid
OutlineFileName:E:\학생파일\___최유준\최유준-개인포폴\guidelive\Font\INKLIPQUID.woff
FileModTime:1632496938
%EndFont

%BeginFont
Handler:DirectoryHandler
FontType:Invalid
OutlineFileName:E:\학생파일\___최유준\최유준-개인포폴\guidelive\Font\NanumBarunGothic.woff
FileModTime:1632828480
%EndFont

%BeginFont
Handler:DirectoryHandler
FontType:Invalid
OutlineFileName:E:\학생파일\___최유준\최유준-개인포폴\guidelive\Font\NanumBarunGothicBold.woff
FileModTime:1632828482
%EndFont

%BeginFont
Handler:DirectoryHandler
FontType:Invalid
OutlineFileName:E:\학생파일\___최유준\최유준-개인포폴\guidelive\Font\NanumBarunGothicLight.woff
FileModTime:1632828512
%EndFont

%BeginFont
Handler:DirectoryHandler
FontType:Invalid
OutlineFileName:E:\학생파일\___최유준\최유준-개인포폴\guidelive\Font\NanumBarunGothicUltraLight.woff
FileModTime:1632828512
%EndFont

